/temps/4IF16.html (2 hits)
/temps/4IF17.html (1 hits)