erreur lors de l'ouverture du fichier de log: test.log
