/ (3 hits)
/Lune/accueil.php (3 hits)
/Lune/ (2 hits)
/Lune (1 hits)
