/ (3 hits)
/Lune/accueil.php (3 hits)
/Lune/images/fondlune.jpg (3 hits)
/Lune/oneColFixCtrHdr.css (3 hits)
/icons/ubuntu-logo.png (3 hits)
/Lune/ (2 hits)
/icons/back.gif (2 hits)
/icons/blank.gif (2 hits)
/icons/folder.gif (2 hits)
/icons/text.gif (2 hits)
